new: frame=0 quit=no w=640 h=480 tris=4096 root=[Alpha]
frames: start=0 t1=1 t2=2 t3=3
tick carries: w=640 h=480 tris=4096 quit=no root=[Alpha]
set-root: root=[Beta] frame=3 quit=no w=640
set-root bounds: before=0,0 640x480 after=0,0 640x480
set-quit: quit=yes root=[Alpha] frame=3
alias: original-after=[Alpha] frame-after=3
menu open: count1=1 count2=2 file=yes edit=yes absent=no
menu close: one=1 file=no edit=yes all=0 any=no
menu agree: two=2/2 one=1/1 none=0/0
menu width: three=40 longer=52 empty=16
